this is master branch
this is merge_test branch
l2 for merge_test branch
